Listening for hotkey: ctrl+alt+g
Signal file path: /home/rajeev/.floating_correction_toggle_signal
Press Ctrl+C to stop the listener.
Hotkey 'ctrl+alt+g' pressed. Creating signal file...
Signal file created: /home/rajeev/.floating_correction_toggle_signal
Hotkey 'ctrl+alt+g' pressed. Creating signal file...
Signal file created: /home/rajeev/.floating_correction_toggle_signal
Hotkey 'ctrl+alt+g' pressed. Creating signal file...
Signal file created: /home/rajeev/.floating_correction_toggle_signal
Hotkey 'ctrl+alt+g' pressed. Creating signal file...
Signal file created: /home/rajeev/.floating_correction_toggle_signal
Hotkey 'ctrl+alt+g' pressed. Creating signal file...
Signal file created: /home/rajeev/.floating_correction_toggle_signal
Hotkey 'ctrl+alt+g' pressed. Creating signal file...
Signal file created: /home/rajeev/.floating_correction_toggle_signal
Hotkey 'ctrl+alt+g' pressed. Creating signal file...
Signal file created: /home/rajeev/.floating_correction_toggle_signal
Hotkey 'ctrl+alt+g' pressed. Creating signal file...
Signal file created: /home/rajeev/.floating_correction_toggle_signal
Hotkey 'ctrl+alt+g' pressed. Creating signal file...
Signal file created: /home/rajeev/.floating_correction_toggle_signal
